---
source: src/parser_super_flat/tests.rs
expression: parse(&input)
---
StmtFn {
    name: ExprIdent(
        "f",
    ),
    body: ExprBlock {
        tail: None,
        body: [],
    },
    params: [
        ExprIdent(
            "a",
        ),
    ],
}
StmtFn {
    name: ExprIdent(
        "f",
    ),
    body: ExprBlock {
        tail: None,
        body: [],
    },
    params: [
        ExprIdent(
            "a",
        ),
    ],
}
