---
source: src/parser_interned/tests.rs
expression: parse(&input)
---
StmtFn {
    name: IdentId {
        raw: 1,
    },
    params: [
        IdentId {
            raw: 2,
        },
    ],
    body: Block {
        body: [],
        tail: None,
    },
}
StmtFn {
    name: IdentId {
        raw: 1,
    },
    params: [
        IdentId {
            raw: 2,
        },
    ],
    body: Block {
        body: [],
        tail: None,
    },
}
