---
source: src/parser/tests.rs
expression: parse(&input)
---
StmtFn {
    name: "f",
    params: [
        "a",
    ],
    body: Block {
        body: [],
        tail: None,
    },
}
StmtFn {
    name: "f",
    params: [
        "a",
    ],
    body: Block {
        body: [],
        tail: None,
    },
}
