---
source: src/parser/tests.rs
expression: parse(&input)
---
StmtFn {
    name: "outer",
    params: [],
    body: Block {
        body: [
            StmtFn {
                name: "inner",
                params: [],
                body: Block {
                    body: [],
                    tail: None,
                },
            },
        ],
        tail: None,
    },
}
