---
source: src/parser_bump/tests.rs
expression: parse(&input)
---
StmtFn {
    name: IdentId {
        raw: 1,
    },
    params: [],
    body: Block {
        body: [
            StmtFn {
                name: IdentId {
                    raw: 2,
                },
                params: [],
                body: Block {
                    body: [],
                    tail: None,
                },
            },
        ],
        tail: None,
    },
}
